// Jest Snapshot v1, https://goo.gl/fbAQLP

exports[`MovieList component test renders correctly 1`] = `
<div
  className="catalog__movies-list"
>
  <article
    className="small-movie-card catalog__movies-card"
    id="1"
    onMouseOver={[Function]}
  >
    <a
      href="/detail"
      onClick={[Function]}
    >
      <div
        className="small-movie-card__image"
        onClick={[Function]}
      >
        <img
          height="175"
          width="280"
        />
      </div>
    </a>
    <h3
      className="small-movie-card__title"
      onClick={[Function]}
    >
      <a
        className="small-movie-card__link"
        href="/detail"
        onClick={[Function]}
      />
    </h3>
  </article>
  <article
    className="small-movie-card catalog__movies-card"
    id="2"
    onMouseOver={[Function]}
  >
    <a
      href="/detail"
      onClick={[Function]}
    >
      <div
        className="small-movie-card__image"
        onClick={[Function]}
      >
        <img
          height="175"
          width="280"
        />
      </div>
    </a>
    <h3
      className="small-movie-card__title"
      onClick={[Function]}
    >
      <a
        className="small-movie-card__link"
        href="/detail"
        onClick={[Function]}
      />
    </h3>
  </article>
  <article
    className="small-movie-card catalog__movies-card"
    id="3"
    onMouseOver={[Function]}
  >
    <a
      href="/detail"
      onClick={[Function]}
    >
      <div
        className="small-movie-card__image"
        onClick={[Function]}
      >
        <img
          height="175"
          width="280"
        />
      </div>
    </a>
    <h3
      className="small-movie-card__title"
      onClick={[Function]}
    >
      <a
        className="small-movie-card__link"
        href="/detail"
        onClick={[Function]}
      />
    </h3>
  </article>
  <article
    className="small-movie-card catalog__movies-card"
    id="4"
    onMouseOver={[Function]}
  >
    <a
      href="/detail"
      onClick={[Function]}
    >
      <div
        className="small-movie-card__image"
        onClick={[Function]}
      >
        <img
          height="175"
          width="280"
        />
      </div>
    </a>
    <h3
      className="small-movie-card__title"
      onClick={[Function]}
    >
      <a
        className="small-movie-card__link"
        href="/detail"
        onClick={[Function]}
      />
    </h3>
  </article>
  <article
    className="small-movie-card catalog__movies-card"
    id="5"
    onMouseOver={[Function]}
  >
    <a
      href="/detail"
      onClick={[Function]}
    >
      <div
        className="small-movie-card__image"
        onClick={[Function]}
      >
        <img
          height="175"
          width="280"
        />
      </div>
    </a>
    <h3
      className="small-movie-card__title"
      onClick={[Function]}
    >
      <a
        className="small-movie-card__link"
        href="/detail"
        onClick={[Function]}
      />
    </h3>
  </article>
  <article
    className="small-movie-card catalog__movies-card"
    id="6"
    onMouseOver={[Function]}
  >
    <a
      href="/detail"
      onClick={[Function]}
    >
      <div
        className="small-movie-card__image"
        onClick={[Function]}
      >
        <img
          height="175"
          width="280"
        />
      </div>
    </a>
    <h3
      className="small-movie-card__title"
      onClick={[Function]}
    >
      <a
        className="small-movie-card__link"
        href="/detail"
        onClick={[Function]}
      />
    </h3>
  </article>
  <article
    className="small-movie-card catalog__movies-card"
    id="7"
    onMouseOver={[Function]}
  >
    <a
      href="/detail"
      onClick={[Function]}
    >
      <div
        className="small-movie-card__image"
        onClick={[Function]}
      >
        <img
          height="175"
          width="280"
        />
      </div>
    </a>
    <h3
      className="small-movie-card__title"
      onClick={[Function]}
    >
      <a
        className="small-movie-card__link"
        href="/detail"
        onClick={[Function]}
      />
    </h3>
  </article>
  <article
    className="small-movie-card catalog__movies-card"
    id="8"
    onMouseOver={[Function]}
  >
    <a
      href="/detail"
      onClick={[Function]}
    >
      <div
        className="small-movie-card__image"
        onClick={[Function]}
      >
        <img
          height="175"
          width="280"
        />
      </div>
    </a>
    <h3
      className="small-movie-card__title"
      onClick={[Function]}
    >
      <a
        className="small-movie-card__link"
        href="/detail"
        onClick={[Function]}
      />
    </h3>
  </article>
</div>
`;
