// Jest Snapshot v1, https://goo.gl/fbAQLP

exports[`TabReviews component test component should renders correctly 1`] = `
<div
  className="movie-card__reviews movie-card__row"
>
  <div
    className="movie-card__reviews-col"
  >
    <div
      className="review"
    >
      <blockquote
        className="review__quote"
      >
        <p
          className="review__text"
        >
          Lorem ipsum dolor sit amet, consectetur adipiscing elit. Praesent varius quis lorem id iaculis. Sed eget luctus orci.
        </p>
        <footer
          className="review__details"
        >
          <cite
            className="review__author"
          >
            Camille Guaty
          </cite>
          <time
            className="review__date"
            dateTime="2019-05-08"
          >
            2019-05-08
          </time>
        </footer>
      </blockquote>
      <div
        className="review__rating"
      >
        8.4
      </div>
    </div>
    <div
      className="review"
    >
      <blockquote
        className="review__quote"
      >
        <p
          className="review__text"
        >
          Lorem ipsum dolor sit amet, consectetur adipiscing elit. Praesent varius quis lorem id iaculis. Sed eget luctus orci.
        </p>
        <footer
          className="review__details"
        >
          <cite
            className="review__author"
          >
            Chris Hemsworth
          </cite>
          <time
            className="review__date"
            dateTime="2019-05-08"
          >
            2019-05-08
          </time>
        </footer>
      </blockquote>
      <div
        className="review__rating"
      >
        5.2
      </div>
    </div>
    <div
      className="review"
    >
      <blockquote
        className="review__quote"
      >
        <p
          className="review__text"
        >
          Lorem ipsum dolor sit amet, consectetur adipiscing elit. Praesent varius quis lorem id iaculis. Sed eget luctus orci.
        </p>
        <footer
          className="review__details"
        >
          <cite
            className="review__author"
          >
            John Dou
          </cite>
          <time
            className="review__date"
            dateTime="2019-05-08"
          >
            2019-05-08
          </time>
        </footer>
      </blockquote>
      <div
        className="review__rating"
      >
        3.4
      </div>
    </div>
  </div>
  <div
    className="movie-card__reviews-col"
  >
    <div
      className="review"
    >
      <blockquote
        className="review__quote"
      >
        <p
          className="review__text"
        >
          Lorem ipsum dolor sit amet, consectetur adipiscing elit. Praesent varius quis lorem id iaculis. Sed eget luctus orci.
        </p>
        <footer
          className="review__details"
        >
          <cite
            className="review__author"
          >
            John Dou
          </cite>
          <time
            className="review__date"
            dateTime="2019-05-08"
          >
            2019-05-08
          </time>
        </footer>
      </blockquote>
      <div
        className="review__rating"
      >
        3.4
      </div>
    </div>
    <div
      className="review"
    >
      <blockquote
        className="review__quote"
      >
        <p
          className="review__text"
        >
          Lorem ipsum dolor sit amet, consectetur adipiscing elit. Praesent varius quis lorem id iaculis. Sed eget luctus orci.
        </p>
        <footer
          className="review__details"
        >
          <cite
            className="review__author"
          >
            Camille Guaty
          </cite>
          <time
            className="review__date"
            dateTime="2019-05-08"
          >
            2019-05-08
          </time>
        </footer>
      </blockquote>
      <div
        className="review__rating"
      >
        8.4
      </div>
    </div>
    <div
      className="review"
    >
      <blockquote
        className="review__quote"
      >
        <p
          className="review__text"
        >
          Lorem ipsum dolor sit amet, consectetur adipiscing elit. Praesent varius quis lorem id iaculis. Sed eget luctus orci.
        </p>
        <footer
          className="review__details"
        >
          <cite
            className="review__author"
          >
            Chris Hemsworth
          </cite>
          <time
            className="review__date"
            dateTime="2019-05-08"
          >
            2019-05-08
          </time>
        </footer>
      </blockquote>
      <div
        className="review__rating"
      >
        5.2
      </div>
    </div>
  </div>
</div>
`;
