// Jest Snapshot v1, https://goo.gl/fbAQLP

exports[`MovieCard component test renders correctly 1`] = `
<article
  className="small-movie-card catalog__movies-card"
  id="1"
  onMouseEnter={[Function]}
  onMouseLeave={[Function]}
>
  <a
    href="/detail"
    onClick={[Function]}
  >
    <div
      className="small-movie-card__image"
      onClick={[Function]}
    >
      <video
        height="175"
        loop={true}
        muted="off"
        poster="img/mindhunter.jpg"
        preload="none"
        width="280"
      >
        <source
          src=""
          type="video/mp4"
        />
      </video>
    </div>
  </a>
  <h3
    className="small-movie-card__title"
    onClick={[Function]}
  >
    <a
      className="small-movie-card__link"
      href="/detail"
      onClick={[Function]}
    >
      Mindhunter
    </a>
  </h3>
</article>
`;
