// Jest Snapshot v1, https://goo.gl/fbAQLP

exports[`MovieCard component test renders correctly 1`] = `
<article
  className="small-movie-card catalog__movies-card"
  id="1"
  onMouseOver={[Function]}
>
  <a
    href="/detail"
    onClick={[Function]}
  >
    <div
      className="small-movie-card__image"
      onClick={[Function]}
    >
      <img
        height="175"
        width="280"
      />
    </div>
  </a>
  <h3
    className="small-movie-card__title"
    onClick={[Function]}
  >
    <a
      className="small-movie-card__link"
      href="/detail"
      onClick={[Function]}
    />
  </h3>
</article>
`;
