// Jest Snapshot v1, https://goo.gl/fbAQLP

exports[`TabNav component test component should renders correctly 1`] = `
<nav
  className="movie-nav movie-card__nav"
>
  <ul
    className="movie-nav__list"
  >
    <li
      className="movie-nav__item "
    >
      <a
        className="movie-nav__link"
        href="#"
        onClick={[Function]}
      >
        overview
      </a>
    </li>
    <li
      className="movie-nav__item "
    >
      <a
        className="movie-nav__link"
        href="#"
        onClick={[Function]}
      >
        details
      </a>
    </li>
    <li
      className="movie-nav__item "
    >
      <a
        className="movie-nav__link"
        href="#"
        onClick={[Function]}
      >
        reviews
      </a>
    </li>
  </ul>
</nav>
`;
